Archive member included to satisfy reference by file (symbol)

/opt/st/stm32cubeide_1.5.1/plugins/com.st.stm32cube.ide.mcu.externaltools.gnu-tools-for-stm32.7-2018-q2-update.linux64_1.5.0.202011040924/tools/bin/../lib/gcc/arm-none-eabi/7.3.1/../../../../arm-none-eabi/lib/thumb/v7e-m/fpv4-sp/hard/libc_nano.a(lib_a-errno.o)
                              Core/Src/syscalls.o (__errno)
/opt/st/stm32cubeide_1.5.1/plugins/com.st.stm32cube.ide.mcu.externaltools.gnu-tools-for-stm32.7-2018-q2-update.linux64_1.5.0.202011040924/tools/bin/../lib/gcc/arm-none-eabi/7.3.1/../../../../arm-none-eabi/lib/thumb/v7e-m/fpv4-sp/hard/libc_nano.a(lib_a-exit.o)
                              /opt/st/stm32cubeide_1.5.1/plugins/com.st.stm32cube.ide.mcu.externaltools.gnu-tools-for-stm32.7-2018-q2-update.linux64_1.5.0.202011040924/tools/bin/../lib/gcc/arm-none-eabi/7.3.1/../../../../arm-none-eabi/lib/thumb/v7e-m/fpv4-sp/hard/crt0.o (exit)
/opt/st/stm32cubeide_1.5.1/plugins/com.st.stm32cube.ide.mcu.externaltools.gnu-tools-for-stm32.7-2018-q2-update.linux64_1.5.0.202011040924/tools/bin/../lib/gcc/arm-none-eabi/7.3.1/../../../../arm-none-eabi/lib/thumb/v7e-m/fpv4-sp/hard/libc_nano.a(lib_a-impure.o)
                              /opt/st/stm32cubeide_1.5.1/plugins/com.st.stm32cube.ide.mcu.externaltools.gnu-tools-for-stm32.7-2018-q2-update.linux64_1.5.0.202011040924/tools/bin/../lib/gcc/arm-none-eabi/7.3.1/../../../../arm-none-eabi/lib/thumb/v7e-m/fpv4-sp/hard/libc_nano.a(lib_a-exit.o) (_global_impure_ptr)
/opt/st/stm32cubeide_1.5.1/plugins/com.st.stm32cube.ide.mcu.externaltools.gnu-tools-for-stm32.7-2018-q2-update.linux64_1.5.0.202011040924/tools/bin/../lib/gcc/arm-none-eabi/7.3.1/../../../../arm-none-eabi/lib/thumb/v7e-m/fpv4-sp/hard/libc_nano.a(lib_a-init.o)
                              /opt/st/stm32cubeide_1.5.1/plugins/com.st.stm32cube.ide.mcu.externaltools.gnu-tools-for-stm32.7-2018-q2-update.linux64_1.5.0.202011040924/tools/bin/../lib/gcc/arm-none-eabi/7.3.1/../../../../arm-none-eabi/lib/thumb/v7e-m/fpv4-sp/hard/crt0.o (__libc_init_array)
/opt/st/stm32cubeide_1.5.1/plugins/com.st.stm32cube.ide.mcu.externaltools.gnu-tools-for-stm32.7-2018-q2-update.linux64_1.5.0.202011040924/tools/bin/../lib/gcc/arm-none-eabi/7.3.1/../../../../arm-none-eabi/lib/thumb/v7e-m/fpv4-sp/hard/libc_nano.a(lib_a-memset.o)
                              /opt/st/stm32cubeide_1.5.1/plugins/com.st.stm32cube.ide.mcu.externaltools.gnu-tools-for-stm32.7-2018-q2-update.linux64_1.5.0.202011040924/tools/bin/../lib/gcc/arm-none-eabi/7.3.1/../../../../arm-none-eabi/lib/thumb/v7e-m/fpv4-sp/hard/crt0.o (memset)

Allocating common symbols
Common symbol       size              file

huart3              0x84              Core/Src/main.o
uwTick              0x4               Drivers/STM32F3xx_HAL_Driver/Src/stm32f3xx_hal.o
pFlash              0x20              Drivers/STM32F3xx_HAL_Driver/Src/stm32f3xx_hal_flash.o
htim3               0x4c              Core/Src/main.o
htim2               0x4c              Core/Src/main.o
huart2              0x84              Core/Src/main.o

Discarded input sections

 .text          0x0000000000000000        0x0 /opt/st/stm32cubeide_1.5.1/plugins/com.st.stm32cube.ide.mcu.externaltools.gnu-tools-for-stm32.7-2018-q2-update.linux64_1.5.0.202011040924/tools/bin/../lib/gcc/arm-none-eabi/7.3.1/thumb/v7e-m/fpv4-sp/hard/crti.o
 .data          0x0000000000000000        0x0 /opt/st/stm32cubeide_1.5.1/plugins/com.st.stm32cube.ide.mcu.externaltools.gnu-tools-for-stm32.7-2018-q2-update.linux64_1.5.0.202011040924/tools/bin/../lib/gcc/arm-none-eabi/7.3.1/thumb/v7e-m/fpv4-sp/hard/crti.o
 .bss           0x0000000000000000        0x0 /opt/st/stm32cubeide_1.5.1/plugins/com.st.stm32cube.ide.mcu.externaltools.gnu-tools-for-stm32.7-2018-q2-update.linux64_1.5.0.202011040924/tools/bin/../lib/gcc/arm-none-eabi/7.3.1/thumb/v7e-m/fpv4-sp/hard/crti.o
 .data          0x0000000000000000        0x4 /opt/st/stm32cubeide_1.5.1/plugins/com.st.stm32cube.ide.mcu.externaltools.gnu-tools-for-stm32.7-2018-q2-update.linux64_1.5.0.202011040924/tools/bin/../lib/gcc/arm-none-eabi/7.3.1/thumb/v7e-m/fpv4-sp/hard/crtbegin.o
 .text          0x0000000000000000       0x74 /opt/st/stm32cubeide_1.5.1/plugins/com.st.stm32cube.ide.mcu.externaltools.gnu-tools-for-stm32.7-2018-q2-update.linux64_1.5.0.202011040924/tools/bin/../lib/gcc/arm-none-eabi/7.3.1/../../../../arm-none-eabi/lib/thumb/v7e-m/fpv4-sp/hard/crt0.o
 .data          0x0000000000000000        0x0 /opt/st/stm32cubeide_1.5.1/plugins/com.st.stm32cube.ide.mcu.externaltools.gnu-tools-for-stm32.7-2018-q2-update.linux64_1.5.0.202011040924/tools/bin/../lib/gcc/arm-none-eabi/7.3.1/../../../../arm-none-eabi/lib/thumb/v7e-m/fpv4-sp/hard/crt0.o
 .bss           0x0000000000000000        0x0 /opt/st/stm32cubeide_1.5.1/plugins/com.st.stm32cube.ide.mcu.externaltools.gnu-tools-for-stm32.7-2018-q2-update.linux64_1.5.0.202011040924/tools/bin/../lib/gcc/arm-none-eabi/7.3.1/../../../../arm-none-eabi/lib/thumb/v7e-m/fpv4-sp/hard/crt0.o
[...]
Memory Configuration

Name             Origin             Length             Attributes
CCMRAM           0x0000000010000000 0x0000000000004000 xrw
RAM              0x0000000020000000 0x0000000000010000 xrw
FLASH            0x0000000008000000 0x0000000000080000 xr
*default*        0x0000000000000000 0xffffffffffffffff

Linker script and memory map

LOAD /opt/st/stm32cubeide_1.5.1/plugins/com.st.stm32cube.ide.mcu.externaltools.gnu-tools-for-stm32.7-2018-q2-update.linux64_1.5.0.202011040924/tools/bin/../lib/gcc/arm-none-eabi/7.3.1/thumb/v7e-m/fpv4-sp/hard/crti.o
LOAD /opt/st/stm32cubeide_1.5.1/plugins/com.st.stm32cube.ide.mcu.externaltools.gnu-tools-for-stm32.7-2018-q2-update.linux64_1.5.0.202011040924/tools/bin/../lib/gcc/arm-none-eabi/7.3.1/thumb/v7e-m/fpv4-sp/hard/crtbegin.o
LOAD /opt/st/stm32cubeide_1.5.1/plugins/com.st.stm32cube.ide.mcu.externaltools.gnu-tools-for-stm32.7-2018-q2-update.linux64_1.5.0.202011040924/tools/bin/../lib/gcc/arm-none-eabi/7.3.1/../../../../arm-none-eabi/lib/thumb/v7e-m/fpv4-sp/hard/crt0.o
LOAD Core/Src/main.o
LOAD Core/Src/stm32f3xx_hal_msp.o
LOAD Core/Src/stm32f3xx_it.o
LOAD Core/Src/syscalls.o
LOAD Core/Src/sysmem.o
LOAD Core/Src/system_stm32f3xx.o
LOAD Core/Startup/startup_stm32f303retx.o
LOAD Drivers/STM32F3xx_HAL_Driver/Src/stm32f3xx_hal.o
LOAD Drivers/STM32F3xx_HAL_Driver/Src/stm32f3xx_hal_cortex.o
LOAD Drivers/STM32F3xx_HAL_Driver/Src/stm32f3xx_hal_dma.o
LOAD Drivers/STM32F3xx_HAL_Driver/Src/stm32f3xx_hal_exti.o
LOAD Drivers/STM32F3xx_HAL_Driver/Src/stm32f3xx_hal_flash.o
LOAD Drivers/STM32F3xx_HAL_Driver/Src/stm32f3xx_hal_flash_ex.o
LOAD Drivers/STM32F3xx_HAL_Driver/Src/stm32f3xx_hal_gpio.o
LOAD Drivers/STM32F3xx_HAL_Driver/Src/stm32f3xx_hal_i2c.o
LOAD Drivers/STM32F3xx_HAL_Driver/Src/stm32f3xx_hal_i2c_ex.o
LOAD Drivers/STM32F3xx_HAL_Driver/Src/stm32f3xx_hal_pwr.o
LOAD Drivers/STM32F3xx_HAL_Driver/Src/stm32f3xx_hal_pwr_ex.o
LOAD Drivers/STM32F3xx_HAL_Driver/Src/stm32f3xx_hal_rcc.o
LOAD Drivers/STM32F3xx_HAL_Driver/Src/stm32f3xx_hal_rcc_ex.o
LOAD Drivers/STM32F3xx_HAL_Driver/Src/stm32f3xx_hal_tim.o
LOAD Drivers/STM32F3xx_HAL_Driver/Src/stm32f3xx_hal_tim_ex.o
LOAD Drivers/STM32F3xx_HAL_Driver/Src/stm32f3xx_hal_uart.o
LOAD Drivers/STM32F3xx_HAL_Driver/Src/stm32f3xx_hal_uart_ex.o
START GROUP
LOAD /opt/st/stm32cubeide_1.5.1/plugins/com.st.stm32cube.ide.mcu.externaltools.gnu-tools-for-stm32.7-2018-q2-update.linux64_1.5.0.202011040924/tools/bin/../lib/gcc/arm-none-eabi/7.3.1/../../../../arm-none-eabi/lib/thumb/v7e-m/fpv4-sp/hard/libc_nano.a
LOAD /opt/st/stm32cubeide_1.5.1/plugins/com.st.stm32cube.ide.mcu.externaltools.gnu-tools-for-stm32.7-2018-q2-update.linux64_1.5.0.202011040924/tools/bin/../lib/gcc/arm-none-eabi/7.3.1/../../../../arm-none-eabi/lib/thumb/v7e-m/fpv4-sp/hard/libm.a
END GROUP
START GROUP
LOAD /opt/st/stm32cubeide_1.5.1/plugins/com.st.stm32cube.ide.mcu.externaltools.gnu-tools-for-stm32.7-2018-q2-update.linux64_1.5.0.202011040924/tools/bin/../lib/gcc/arm-none-eabi/7.3.1/thumb/v7e-m/fpv4-sp/hard/libgcc.a
LOAD /opt/st/stm32cubeide_1.5.1/plugins/com.st.stm32cube.ide.mcu.externaltools.gnu-tools-for-stm32.7-2018-q2-update.linux64_1.5.0.202011040924/tools/bin/../lib/gcc/arm-none-eabi/7.3.1/../../../../arm-none-eabi/lib/thumb/v7e-m/fpv4-sp/hard/libc_nano.a
END GROUP
START GROUP
LOAD /opt/st/stm32cubeide_1.5.1/plugins/com.st.stm32cube.ide.mcu.externaltools.gnu-tools-for-stm32.7-2018-q2-update.linux64_1.5.0.202011040924/tools/bin/../lib/gcc/arm-none-eabi/7.3.1/thumb/v7e-m/fpv4-sp/hard/libgcc.a
LOAD /opt/st/stm32cubeide_1.5.1/plugins/com.st.stm32cube.ide.mcu.externaltools.gnu-tools-for-stm32.7-2018-q2-update.linux64_1.5.0.202011040924/tools/bin/../lib/gcc/arm-none-eabi/7.3.1/../../../../arm-none-eabi/lib/thumb/v7e-m/fpv4-sp/hard/libc_nano.a
LOAD /opt/st/stm32cubeide_1.5.1/plugins/com.st.stm32cube.ide.mcu.externaltools.gnu-tools-for-stm32.7-2018-q2-update.linux64_1.5.0.202011040924/tools/bin/../lib/gcc/arm-none-eabi/7.3.1/../../../../arm-none-eabi/lib/thumb/v7e-m/fpv4-sp/hard/libnosys.a
END GROUP
START GROUP
LOAD /opt/st/stm32cubeide_1.5.1/plugins/com.st.stm32cube.ide.mcu.externaltools.gnu-tools-for-stm32.7-2018-q2-update.linux64_1.5.0.202011040924/tools/bin/../lib/gcc/arm-none-eabi/7.3.1/thumb/v7e-m/fpv4-sp/hard/libgcc.a
LOAD /opt/st/stm32cubeide_1.5.1/plugins/com.st.stm32cube.ide.mcu.externaltools.gnu-tools-for-stm32.7-2018-q2-update.linux64_1.5.0.202011040924/tools/bin/../lib/gcc/arm-none-eabi/7.3.1/../../../../arm-none-eabi/lib/thumb/v7e-m/fpv4-sp/hard/libc_nano.a
LOAD /opt/st/stm32cubeide_1.5.1/plugins/com.st.stm32cube.ide.mcu.externaltools.gnu-tools-for-stm32.7-2018-q2-update.linux64_1.5.0.202011040924/tools/bin/../lib/gcc/arm-none-eabi/7.3.1/../../../../arm-none-eabi/lib/thumb/v7e-m/fpv4-sp/hard/libnosys.a
END GROUP
LOAD /opt/st/stm32cubeide_1.5.1/plugins/com.st.stm32cube.ide.mcu.externaltools.gnu-tools-for-stm32.7-2018-q2-update.linux64_1.5.0.202011040924/tools/bin/../lib/gcc/arm-none-eabi/7.3.1/thumb/v7e-m/fpv4-sp/hard/crtend.o
LOAD /opt/st/stm32cubeide_1.5.1/plugins/com.st.stm32cube.ide.mcu.externaltools.gnu-tools-for-stm32.7-2018-q2-update.linux64_1.5.0.202011040924/tools/bin/../lib/gcc/arm-none-eabi/7.3.1/thumb/v7e-m/fpv4-sp/hard/crtn.o
                0x0000000020010000                _estack = (ORIGIN (RAM) + LENGTH (RAM))
                0x0000000000000200                _Min_Heap_Size = 0x200
                0x0000000000000400                _Min_Stack_Size = 0x400

.isr_vector     0x0000000008000000      0x194
                0x0000000008000000                . = ALIGN (0x4)
 *(.isr_vector)
 .isr_vector    0x0000000008000000      0x194 Core/Startup/startup_stm32f303retx.o
                0x0000000008000000                g_pfnVectors
                0x0000000008000194                . = ALIGN (0x4)

.text           0x0000000008000194     0x4a44
                0x0000000008000194                . = ALIGN (0x4)
 *(.text)
 .text          0x0000000008000194       0x40 /opt/st/stm32cubeide_1.5.1/plugins/com.st.stm32cube.ide.mcu.externaltools.gnu-tools-for-stm32.7-2018-q2-update.linux64_1.5.0.202011040924/tools/bin/../lib/gcc/arm-none-eabi/7.3.1/thumb/v7e-m/fpv4-sp/hard/crtbegin.o
 *(.text*)
 .text.main     0x00000000080001d4       0x74 Core/Src/main.o
                0x00000000080001d4                main
 .text.SystemClock_Config
                0x0000000008000248       0xb8 Core/Src/main.o
                0x0000000008000248                SystemClock_Config
 .text.MX_TIM2_Init
                0x0000000008000300       0xec Core/Src/main.o
 .text.MX_TIM3_Init
                0x00000000080003ec       0xf0 Core/Src/main.o
 .text.MX_USART2_UART_Init
                0x00000000080004dc       0x60 Core/Src/main.o
 .text.MX_USART3_UART_Init
                0x000000000800053c       0x60 Core/Src/main.o
 .text.MX_GPIO_Init
                0x000000000800059c       0xe8 Core/Src/main.o
 .text.HAL_UART_RxCpltCallback
                0x0000000008000684      0x104 Core/Src/main.o
                0x0000000008000684                HAL_UART_RxCpltCallback
 .text.Stop     0x0000000008000788       0x48 Core/Src/main.o
 .text.Set_Speed_Right
                0x00000000080007d0       0x20 Core/Src/main.o
 .text.Set_Speed_Left
                0x00000000080007f0       0x1e Core/Src/main.o
 *fill*         0x000000000800080e        0x2 
 .text.Set_Dir_Right
                0x0000000008000810       0x50 Core/Src/main.o
 .text.Set_Dir_Left
                0x0000000008000860       0x54 Core/Src/main.o
 .text.Error_Handler
                0x00000000080008b4        0x8 Core/Src/main.o
                0x00000000080008b4                Error_Handler
 .text.HAL_MspInit
                0x00000000080008bc       0x48 Core/Src/stm32f3xx_hal_msp.o
                0x00000000080008bc                HAL_MspInit
 .text.HAL_TIM_Base_MspInit
                0x0000000008000904       0x64 Core/Src/stm32f3xx_hal_msp.o
                0x0000000008000904                HAL_TIM_Base_MspInit
 .text.HAL_TIM_MspPostInit
                0x0000000008000968       0xb4 Core/Src/stm32f3xx_hal_msp.o
                0x0000000008000968                HAL_TIM_MspPostInit
 .text.HAL_UART_MspInit
                0x0000000008000a1c       0xfc Core/Src/stm32f3xx_hal_msp.o
                0x0000000008000a1c                HAL_UART_MspInit
 .text.NMI_Handler
                0x0000000008000b18        0x6 Core/Src/stm32f3xx_it.o
                0x0000000008000b18                NMI_Handler
 .text.HardFault_Handler
                0x0000000008000b1e        0x6 Core/Src/stm32f3xx_it.o
                0x0000000008000b1e                HardFault_Handler
 .text.MemManage_Handler
                0x0000000008000b24        0x6 Core/Src/stm32f3xx_it.o
                0x0000000008000b24                MemManage_Handler
 .text.BusFault_Handler
                0x0000000008000b2a        0x6 Core/Src/stm32f3xx_it.o
                0x0000000008000b2a                BusFault_Handler
 .text.UsageFault_Handler
                0x0000000008000b30        0x6 Core/Src/stm32f3xx_it.o
                0x0000000008000b30                UsageFault_Handler
 .text.SVC_Handler
                0x0000000008000b36        0xe Core/Src/stm32f3xx_it.o
                0x0000000008000b36                SVC_Handler
 .text.DebugMon_Handler
                0x0000000008000b44        0xe Core/Src/stm32f3xx_it.o
                0x0000000008000b44                DebugMon_Handler
 .text.PendSV_Handler
                0x0000000008000b52        0xe Core/Src/stm32f3xx_it.o
                0x0000000008000b52                PendSV_Handler
 .text.SysTick_Handler
                0x0000000008000b60        0xc Core/Src/stm32f3xx_it.o
                0x0000000008000b60                SysTick_Handler
 .text.USART2_IRQHandler
                0x0000000008000b6c       0x14 Core/Src/stm32f3xx_it.o
                0x0000000008000b6c                USART2_IRQHandler
 .text.SystemInit
                0x0000000008000b80       0x24 Core/Src/system_stm32f3xx.o
                0x0000000008000b80                SystemInit
 .text.Reset_Handler
                0x0000000008000ba4       0x50 Core/Startup/startup_stm32f303retx.o
                0x0000000008000ba4                Reset_Handler
 .text.Default_Handler
                0x0000000008000bf4        0x2 Core/Startup/startup_stm32f303retx.o
                0x0000000008000bf4                RTC_Alarm_IRQHandler
                0x0000000008000bf4                TIM8_TRG_COM_IRQHandler
                0x0000000008000bf4                TIM8_CC_IRQHandler
                0x0000000008000bf4                SPI4_IRQHandler
                0x0000000008000bf4                TIM1_CC_IRQHandler
                0x0000000008000bf4                USB_HP_IRQHandler
                0x0000000008000bf4                PVD_IRQHandler
                0x0000000008000bf4                TAMP_STAMP_IRQHandler
                0x0000000008000bf4                EXTI3_IRQHandler
                0x0000000008000bf4                I2C3_ER_IRQHandler
                0x0000000008000bf4                USB_HP_CAN_TX_IRQHandler
                0x0000000008000bf4                EXTI0_IRQHandler
                0x0000000008000bf4                I2C2_EV_IRQHandler
                0x0000000008000bf4                FPU_IRQHandler
                0x0000000008000bf4                TIM1_UP_TIM16_IRQHandler
                0x0000000008000bf4                ADC1_2_IRQHandler
                0x0000000008000bf4                SPI1_IRQHandler
                0x0000000008000bf4                CAN_SCE_IRQHandler
                0x0000000008000bf4                TIM6_DAC_IRQHandler
                0x0000000008000bf4                TIM8_UP_IRQHandler
                0x0000000008000bf4                DMA2_Channel2_IRQHandler
                0x0000000008000bf4                DMA1_Channel4_IRQHandler
                0x0000000008000bf4                TIM20_TRG_COM_IRQHandler
                0x0000000008000bf4                USART3_IRQHandler
                0x0000000008000bf4                DMA1_Channel7_IRQHandler
                0x0000000008000bf4                UART5_IRQHandler
                0x0000000008000bf4                ADC3_IRQHandler
                0x0000000008000bf4                TIM4_IRQHandler
                0x0000000008000bf4                CAN_RX1_IRQHandler
                0x0000000008000bf4                DMA2_Channel1_IRQHandler
                0x0000000008000bf4                I2C1_EV_IRQHandler
                0x0000000008000bf4                DMA1_Channel6_IRQHandler
                0x0000000008000bf4                UART4_IRQHandler
                0x0000000008000bf4                DMA2_Channel4_IRQHandler
                0x0000000008000bf4                TIM3_IRQHandler
                0x0000000008000bf4                RCC_IRQHandler
                0x0000000008000bf4                TIM20_UP_IRQHandler
                0x0000000008000bf4                DMA1_Channel1_IRQHandler
                0x0000000008000bf4                Default_Handler
                0x0000000008000bf4                USBWakeUp_RMP_IRQHandler
                0x0000000008000bf4                EXTI15_10_IRQHandler
                0x0000000008000bf4                TIM7_IRQHandler
                0x0000000008000bf4                I2C3_EV_IRQHandler
                0x0000000008000bf4                EXTI9_5_IRQHandler
                0x0000000008000bf4                RTC_WKUP_IRQHandler
                0x0000000008000bf4                SPI2_IRQHandler
                0x0000000008000bf4                USB_LP_CAN_RX0_IRQHandler
                0x0000000008000bf4                DMA2_Channel5_IRQHandler
                0x0000000008000bf4                DMA1_Channel5_IRQHandler
                0x0000000008000bf4                USB_LP_IRQHandler
                0x0000000008000bf4                EXTI4_IRQHandler
                0x0000000008000bf4                TIM1_TRG_COM_TIM17_IRQHandler
                0x0000000008000bf4                DMA1_Channel3_IRQHandler
                0x0000000008000bf4                ADC4_IRQHandler
                0x0000000008000bf4                WWDG_IRQHandler
                0x0000000008000bf4                TIM2_IRQHandler
                0x0000000008000bf4                COMP7_IRQHandler
                0x0000000008000bf4                COMP1_2_3_IRQHandler
                0x0000000008000bf4                EXTI1_IRQHandler
                0x0000000008000bf4                COMP4_5_6_IRQHandler
                0x0000000008000bf4                TIM20_BRK_IRQHandler
                0x0000000008000bf4                I2C2_ER_IRQHandler
                0x0000000008000bf4                DMA1_Channel2_IRQHandler
                0x0000000008000bf4                TIM8_BRK_IRQHandler
                0x0000000008000bf4                FLASH_IRQHandler
                0x0000000008000bf4                TIM20_CC_IRQHandler
                0x0000000008000bf4                USART1_IRQHandler
                0x0000000008000bf4                SPI3_IRQHandler
                0x0000000008000bf4                I2C1_ER_IRQHandler
                0x0000000008000bf4                FMC_IRQHandler
                0x0000000008000bf4                USBWakeUp_IRQHandler
                0x0000000008000bf4                DMA2_Channel3_IRQHandler
                0x0000000008000bf4                EXTI2_TSC_IRQHandler
                0x0000000008000bf4                TIM1_BRK_TIM15_IRQHandler
 *fill*         0x0000000008000bf6        0x2 
 .text.HAL_Init
                0x0000000008000bf8       0x2c Drivers/STM32F3xx_HAL_Driver/Src/stm32f3xx_hal.o
                0x0000000008000bf8                HAL_Init
 .text.HAL_InitTick
                0x0000000008000c24       0x60 Drivers/STM32F3xx_HAL_Driver/Src/stm32f3xx_hal.o
                0x0000000008000c24                HAL_InitTick
 .text.HAL_IncTick
                0x0000000008000c84       0x28 Drivers/STM32F3xx_HAL_Driver/Src/stm32f3xx_hal.o
                0x0000000008000c84                HAL_IncTick
 .text.HAL_GetTick
                0x0000000008000cac       0x18 Drivers/STM32F3xx_HAL_Driver/Src/stm32f3xx_hal.o
                0x0000000008000cac                HAL_GetTick
 .text.__NVIC_SetPriorityGrouping
                0x0000000008000cc4       0x48 Drivers/STM32F3xx_HAL_Driver/Src/stm32f3xx_hal_cortex.o
 .text.__NVIC_GetPriorityGrouping
                0x0000000008000d0c       0x1c Drivers/STM32F3xx_HAL_Driver/Src/stm32f3xx_hal_cortex.o
 .text.__NVIC_EnableIRQ
                0x0000000008000d28       0x3c Drivers/STM32F3xx_HAL_Driver/Src/stm32f3xx_hal_cortex.o
 .text.__NVIC_SetPriority
                0x0000000008000d64       0x54 Drivers/STM32F3xx_HAL_Driver/Src/stm32f3xx_hal_cortex.o
 .text.NVIC_EncodePriority
                0x0000000008000db8       0x66 Drivers/STM32F3xx_HAL_Driver/Src/stm32f3xx_hal_cortex.o
 *fill*         0x0000000008000e1e        0x2 
 .text.SysTick_Config
                0x0000000008000e20       0x44 Drivers/STM32F3xx_HAL_Driver/Src/stm32f3xx_hal_cortex.o
 .text.HAL_NVIC_SetPriorityGrouping
                0x0000000008000e64       0x16 Drivers/STM32F3xx_HAL_Driver/Src/stm32f3xx_hal_cortex.o
                0x0000000008000e64                HAL_NVIC_SetPriorityGrouping
 .text.HAL_NVIC_SetPriority
                0x0000000008000e7a       0x38 Drivers/STM32F3xx_HAL_Driver/Src/stm32f3xx_hal_cortex.o
                0x0000000008000e7a                HAL_NVIC_SetPriority
 .text.HAL_NVIC_EnableIRQ
                0x0000000008000eb2       0x1c Drivers/STM32F3xx_HAL_Driver/Src/stm32f3xx_hal_cortex.o
                0x0000000008000eb2                HAL_NVIC_EnableIRQ
 .text.HAL_SYSTICK_Config
                0x0000000008000ece       0x18 Drivers/STM32F3xx_HAL_Driver/Src/stm32f3xx_hal_cortex.o
                0x0000000008000ece                HAL_SYSTICK_Config
 .text.HAL_DMA_Abort
                0x0000000008000ee6       0x72 Drivers/STM32F3xx_HAL_Driver/Src/stm32f3xx_hal_dma.o
                0x0000000008000ee6                HAL_DMA_Abort
 .text.HAL_DMA_Abort_IT
                0x0000000008000f58       0x7c Drivers/STM32F3xx_HAL_Driver/Src/stm32f3xx_hal_dma.o
                0x0000000008000f58                HAL_DMA_Abort_IT
 .text.HAL_GPIO_Init
                0x0000000008000fd4      0x314 Drivers/STM32F3xx_HAL_Driver/Src/stm32f3xx_hal_gpio.o
                0x0000000008000fd4                HAL_GPIO_Init
 .text.HAL_GPIO_WritePin
                0x00000000080012e8       0x30 Drivers/STM32F3xx_HAL_Driver/Src/stm32f3xx_hal_gpio.o
                0x00000000080012e8                HAL_GPIO_WritePin
 .text.HAL_RCC_OscConfig
                0x0000000008001318      0xe2c Drivers/STM32F3xx_HAL_Driver/Src/stm32f3xx_hal_rcc.o
                0x0000000008001318                HAL_RCC_OscConfig
 .text.HAL_RCC_ClockConfig
                0x0000000008002144      0x2f8 Drivers/STM32F3xx_HAL_Driver/Src/stm32f3xx_hal_rcc.o
                0x0000000008002144                HAL_RCC_ClockConfig
 .text.HAL_RCC_GetSysClockFreq
                0x000000000800243c       0xd4 Drivers/STM32F3xx_HAL_Driver/Src/stm32f3xx_hal_rcc.o
                0x000000000800243c                HAL_RCC_GetSysClockFreq
 .text.HAL_RCC_GetHCLKFreq
                0x0000000008002510       0x18 Drivers/STM32F3xx_HAL_Driver/Src/stm32f3xx_hal_rcc.o
                0x0000000008002510                HAL_RCC_GetHCLKFreq
 .text.HAL_RCC_GetPCLK1Freq
                0x0000000008002528       0x44 Drivers/STM32F3xx_HAL_Driver/Src/stm32f3xx_hal_rcc.o
                0x0000000008002528                HAL_RCC_GetPCLK1Freq
 .text.HAL_RCC_GetPCLK2Freq
                0x000000000800256c       0x44 Drivers/STM32F3xx_HAL_Driver/Src/stm32f3xx_hal_rcc.o
                0x000000000800256c                HAL_RCC_GetPCLK2Freq
 .text.HAL_RCCEx_PeriphCLKConfig
                0x00000000080025b0      0x43c Drivers/STM32F3xx_HAL_Driver/Src/stm32f3xx_hal_rcc_ex.o
                0x00000000080025b0                HAL_RCCEx_PeriphCLKConfig
 .text.HAL_TIM_Base_Init
                0x00000000080029ec       0xae Drivers/STM32F3xx_HAL_Driver/Src/stm32f3xx_hal_tim.o
                0x00000000080029ec                HAL_TIM_Base_Init
 .text.HAL_TIM_PWM_Init
                0x0000000008002a9a       0xae Drivers/STM32F3xx_HAL_Driver/Src/stm32f3xx_hal_tim.o
                0x0000000008002a9a                HAL_TIM_PWM_Init
 .text.HAL_TIM_PWM_MspInit
                0x0000000008002b48       0x14 Drivers/STM32F3xx_HAL_Driver/Src/stm32f3xx_hal_tim.o
                0x0000000008002b48                HAL_TIM_PWM_MspInit
 .text.HAL_TIM_PWM_Start
                0x0000000008002b5c      0x218 Drivers/STM32F3xx_HAL_Driver/Src/stm32f3xx_hal_tim.o
                0x0000000008002b5c                HAL_TIM_PWM_Start
 .text.HAL_TIM_PWM_ConfigChannel
                0x0000000008002d74      0x220 Drivers/STM32F3xx_HAL_Driver/Src/stm32f3xx_hal_tim.o
                0x0000000008002d74                HAL_TIM_PWM_ConfigChannel
 .text.HAL_TIM_ConfigClockSource
                0x0000000008002f94      0x172 Drivers/STM32F3xx_HAL_Driver/Src/stm32f3xx_hal_tim.o
                0x0000000008002f94                HAL_TIM_ConfigClockSource
 *fill*         0x0000000008003106        0x2 
 .text.TIM_Base_SetConfig
                0x0000000008003108      0x13c Drivers/STM32F3xx_HAL_Driver/Src/stm32f3xx_hal_tim.o
                0x0000000008003108                TIM_Base_SetConfig
 .text.TIM_OC1_SetConfig
                0x0000000008003244      0x134 Drivers/STM32F3xx_HAL_Driver/Src/stm32f3xx_hal_tim.o
 .text.TIM_OC2_SetConfig
                0x0000000008003378      0x128 Drivers/STM32F3xx_HAL_Driver/Src/stm32f3xx_hal_tim.o
                0x0000000008003378                TIM_OC2_SetConfig
 .text.TIM_OC3_SetConfig
                0x00000000080034a0      0x124 Drivers/STM32F3xx_HAL_Driver/Src/stm32f3xx_hal_tim.o
 .text.TIM_OC4_SetConfig
                0x00000000080035c4       0xe0 Drivers/STM32F3xx_HAL_Driver/Src/stm32f3xx_hal_tim.o
 .text.TIM_OC5_SetConfig
                0x00000000080036a4       0xd4 Drivers/STM32F3xx_HAL_Driver/Src/stm32f3xx_hal_tim.o
 .text.TIM_OC6_SetConfig
                0x0000000008003778       0xd8 Drivers/STM32F3xx_HAL_Driver/Src/stm32f3xx_hal_tim.o
 .text.TIM_TI1_ConfigInputStage
                0x0000000008003850       0x5e Drivers/STM32F3xx_HAL_Driver/Src/stm32f3xx_hal_tim.o
 .text.TIM_TI2_ConfigInputStage
                0x00000000080038ae       0x60 Drivers/STM32F3xx_HAL_Driver/Src/stm32f3xx_hal_tim.o
 .text.TIM_ITRx_SetConfig
                0x000000000800390e       0x36 Drivers/STM32F3xx_HAL_Driver/Src/stm32f3xx_hal_tim.o
 .text.TIM_ETR_SetConfig
                0x0000000008003944       0x40 Drivers/STM32F3xx_HAL_Driver/Src/stm32f3xx_hal_tim.o
                0x0000000008003944                TIM_ETR_SetConfig
 .text.TIM_CCxChannelCmd
                0x0000000008003984       0x4a Drivers/STM32F3xx_HAL_Driver/Src/stm32f3xx_hal_tim.o
                0x0000000008003984                TIM_CCxChannelCmd
 *fill*         0x00000000080039ce        0x2 
 .text.HAL_TIMEx_MasterConfigSynchronization
                0x00000000080039d0      0x118 Drivers/STM32F3xx_HAL_Driver/Src/stm32f3xx_hal_tim_ex.o
                0x00000000080039d0                HAL_TIMEx_MasterConfigSynchronization
 .text.HAL_UART_Init
                0x0000000008003ae8       0x9c Drivers/STM32F3xx_HAL_Driver/Src/stm32f3xx_hal_uart.o
                0x0000000008003ae8                HAL_UART_Init
 .text.HAL_UART_Transmit
                0x0000000008003b84      0x128 Drivers/STM32F3xx_HAL_Driver/Src/stm32f3xx_hal_uart.o
                0x0000000008003b84                HAL_UART_Transmit
 .text.HAL_UART_Receive_IT
                0x0000000008003cac       0x7a Drivers/STM32F3xx_HAL_Driver/Src/stm32f3xx_hal_uart.o
                0x0000000008003cac                HAL_UART_Receive_IT
 *fill*         0x0000000008003d26        0x2 
 .text.HAL_UART_IRQHandler
                0x0000000008003d28      0x400 Drivers/STM32F3xx_HAL_Driver/Src/stm32f3xx_hal_uart.o
                0x0000000008003d28                HAL_UART_IRQHandler
 .text.HAL_UART_TxCpltCallback
                0x0000000008004128       0x14 Drivers/STM32F3xx_HAL_Driver/Src/stm32f3xx_hal_uart.o
                0x0000000008004128                HAL_UART_TxCpltCallback
 .text.HAL_UART_ErrorCallback
                0x000000000800413c       0x14 Drivers/STM32F3xx_HAL_Driver/Src/stm32f3xx_hal_uart.o
                0x000000000800413c                HAL_UART_ErrorCallback
 .text.HAL_UARTEx_RxEventCallback
                0x0000000008004150       0x18 Drivers/STM32F3xx_HAL_Driver/Src/stm32f3xx_hal_uart.o
                0x0000000008004150                HAL_UARTEx_RxEventCallback
 .text.UART_SetConfig
                0x0000000008004168      0x3a8 Drivers/STM32F3xx_HAL_Driver/Src/stm32f3xx_hal_uart.o
                0x0000000008004168                UART_SetConfig
 .text.UART_AdvFeatureConfig
                0x0000000008004510      0x144 Drivers/STM32F3xx_HAL_Driver/Src/stm32f3xx_hal_uart.o
                0x0000000008004510                UART_AdvFeatureConfig
 .text.UART_CheckIdleState
                0x0000000008004654       0x92 Drivers/STM32F3xx_HAL_Driver/Src/stm32f3xx_hal_uart.o
                0x0000000008004654                UART_CheckIdleState
 .text.UART_WaitOnFlagUntilTimeout
                0x00000000080046e6       0xf8 Drivers/STM32F3xx_HAL_Driver/Src/stm32f3xx_hal_uart.o
                0x00000000080046e6                UART_WaitOnFlagUntilTimeout
 *fill*         0x00000000080047de        0x2 
 .text.UART_Start_Receive_IT
                0x00000000080047e0      0x110 Drivers/STM32F3xx_HAL_Driver/Src/stm32f3xx_hal_uart.o
                0x00000000080047e0                UART_Start_Receive_IT
 .text.UART_EndRxTransfer
                0x00000000080048f0       0x5e Drivers/STM32F3xx_HAL_Driver/Src/stm32f3xx_hal_uart.o
 .text.UART_DMAAbortOnError
                0x000000000800494e       0x2c Drivers/STM32F3xx_HAL_Driver/Src/stm32f3xx_hal_uart.o
 .text.UART_EndTransmit_IT
                0x000000000800497a       0x32 Drivers/STM32F3xx_HAL_Driver/Src/stm32f3xx_hal_uart.o
 .text.UART_RxISR_8BIT
                0x00000000080049ac       0xd4 Drivers/STM32F3xx_HAL_Driver/Src/stm32f3xx_hal_uart.o
 .text.UART_RxISR_16BIT
                0x0000000008004a80       0xd4 Drivers/STM32F3xx_HAL_Driver/Src/stm32f3xx_hal_uart.o
 .text.HAL_UARTEx_WakeupCallback
                0x0000000008004b54       0x14 Drivers/STM32F3xx_HAL_Driver/Src/stm32f3xx_hal_uart_ex.o
                0x0000000008004b54                HAL_UARTEx_WakeupCallback
 .text.__libc_init_array
                0x0000000008004b68       0x48 /opt/st/stm32cubeide_1.5.1/plugins/com.st.stm32cube.ide.mcu.externaltools.gnu-tools-for-stm32.7-2018-q2-update.linux64_1.5.0.202011040924/tools/bin/../lib/gcc/arm-none-eabi/7.3.1/../../../../arm-none-eabi/lib/thumb/v7e-m/fpv4-sp/hard/libc_nano.a(lib_a-init.o)
                0x0000000008004b68                __libc_init_array
 .text.memset   0x0000000008004bb0       0x10 /opt/st/stm32cubeide_1.5.1/plugins/com.st.stm32cube.ide.mcu.externaltools.gnu-tools-for-stm32.7-2018-q2-update.linux64_1.5.0.202011040924/tools/bin/../lib/gcc/arm-none-eabi/7.3.1/../../../../arm-none-eabi/lib/thumb/v7e-m/fpv4-sp/hard/libc_nano.a(lib_a-memset.o)
                0x0000000008004bb0                memset
 *(.glue_7)
 .glue_7        0x0000000008004bc0        0x0 linker stubs
 *(.glue_7t)
 .glue_7t       0x0000000008004bc0        0x0 linker stubs
 *(.eh_frame)
 .eh_frame      0x0000000008004bc0        0x0 /opt/st/stm32cubeide_1.5.1/plugins/com.st.stm32cube.ide.mcu.externaltools.gnu-tools-for-stm32.7-2018-q2-update.linux64_1.5.0.202011040924/tools/bin/../lib/gcc/arm-none-eabi/7.3.1/thumb/v7e-m/fpv4-sp/hard/crtbegin.o
 *(.init)
 .init          0x0000000008004bc0        0x4 /opt/st/stm32cubeide_1.5.1/plugins/com.st.stm32cube.ide.mcu.externaltools.gnu-tools-for-stm32.7-2018-q2-update.linux64_1.5.0.202011040924/tools/bin/../lib/gcc/arm-none-eabi/7.3.1/thumb/v7e-m/fpv4-sp/hard/crti.o
                0x0000000008004bc0                _init
 .init          0x0000000008004bc4        0x8 /opt/st/stm32cubeide_1.5.1/plugins/com.st.stm32cube.ide.mcu.externaltools.gnu-tools-for-stm32.7-2018-q2-update.linux64_1.5.0.202011040924/tools/bin/../lib/gcc/arm-none-eabi/7.3.1/thumb/v7e-m/fpv4-sp/hard/crtn.o
 *(.fini)
 .fini          0x0000000008004bcc        0x4 /opt/st/stm32cubeide_1.5.1/plugins/com.st.stm32cube.ide.mcu.externaltools.gnu-tools-for-stm32.7-2018-q2-update.linux64_1.5.0.202011040924/tools/bin/../lib/gcc/arm-none-eabi/7.3.1/thumb/v7e-m/fpv4-sp/hard/crti.o
                0x0000000008004bcc                _fini
 .fini          0x0000000008004bd0        0x8 /opt/st/stm32cubeide_1.5.1/plugins/com.st.stm32cube.ide.mcu.externaltools.gnu-tools-for-stm32.7-2018-q2-update.linux64_1.5.0.202011040924/tools/bin/../lib/gcc/arm-none-eabi/7.3.1/thumb/v7e-m/fpv4-sp/hard/crtn.o
                0x0000000008004bd8                . = ALIGN (0x4)
                0x0000000008004bd8                _etext = .

.vfp11_veneer   0x0000000008004bd8        0x0
 .vfp11_veneer  0x0000000008004bd8        0x0 linker stubs

.v4_bx          0x0000000008004bd8        0x0
 .v4_bx         0x0000000008004bd8        0x0 linker stubs

.iplt           0x0000000008004bd8        0x0
 .iplt          0x0000000008004bd8        0x0 /opt/st/stm32cubeide_1.5.1/plugins/com.st.stm32cube.ide.mcu.externaltools.gnu-tools-for-stm32.7-2018-q2-update.linux64_1.5.0.202011040924/tools/bin/../lib/gcc/arm-none-eabi/7.3.1/thumb/v7e-m/fpv4-sp/hard/crtbegin.o

.rodata         0x0000000008004bd8       0x48
                0x0000000008004bd8                . = ALIGN (0x4)
 *(.rodata)
 .rodata        0x0000000008004bd8        0xe Core/Src/main.o
 *(.rodata*)
 *fill*         0x0000000008004be6        0x2 
 .rodata.AHBPrescTable
                0x0000000008004be8       0x10 Core/Src/system_stm32f3xx.o
                0x0000000008004be8                AHBPrescTable
 .rodata.APBPrescTable
                0x0000000008004bf8        0x8 Core/Src/system_stm32f3xx.o
                0x0000000008004bf8                APBPrescTable
 .rodata.aPLLMULFactorTable
                0x0000000008004c00       0x10 Drivers/STM32F3xx_HAL_Driver/Src/stm32f3xx_hal_rcc.o
                0x0000000008004c00                aPLLMULFactorTable
 .rodata.aPredivFactorTable
                0x0000000008004c10       0x10 Drivers/STM32F3xx_HAL_Driver/Src/stm32f3xx_hal_rcc.o
                0x0000000008004c10                aPredivFactorTable
                0x0000000008004c20                . = ALIGN (0x4)

.rel.dyn        0x0000000008004c20        0x0
 .rel.iplt      0x0000000008004c20        0x0 /opt/st/stm32cubeide_1.5.1/plugins/com.st.stm32cube.ide.mcu.externaltools.gnu-tools-for-stm32.7-2018-q2-update.linux64_1.5.0.202011040924/tools/bin/../lib/gcc/arm-none-eabi/7.3.1/thumb/v7e-m/fpv4-sp/hard/crtbegin.o

.ARM.extab      0x0000000008004c20        0x0
                0x0000000008004c20                . = ALIGN (0x4)
 *(.ARM.extab* .gnu.linkonce.armextab.*)
                0x0000000008004c20                . = ALIGN (0x4)

.ARM            0x0000000008004c20        0x0
                0x0000000008004c20                . = ALIGN (0x4)
                0x0000000008004c20                __exidx_start = .
 *(.ARM.exidx*)
                0x0000000008004c20                __exidx_end = .
                0x0000000008004c20                . = ALIGN (0x4)

.preinit_array  0x0000000008004c20        0x0
                0x0000000008004c20                . = ALIGN (0x4)
                0x0000000008004c20                PROVIDE (__preinit_array_start = .)
 *(.preinit_array*)
                0x0000000008004c20                PROVIDE (__preinit_array_end = .)
                0x0000000008004c20                . = ALIGN (0x4)

.init_array     0x0000000008004c20        0x4
                0x0000000008004c20                . = ALIGN (0x4)
                0x0000000008004c20                PROVIDE (__init_array_start = .)
 *(SORT_BY_NAME(.init_array.*))
 *(.init_array*)
 .init_array    0x0000000008004c20        0x4 /opt/st/stm32cubeide_1.5.1/plugins/com.st.stm32cube.ide.mcu.externaltools.gnu-tools-for-stm32.7-2018-q2-update.linux64_1.5.0.202011040924/tools/bin/../lib/gcc/arm-none-eabi/7.3.1/thumb/v7e-m/fpv4-sp/hard/crtbegin.o
                0x0000000008004c24                PROVIDE (__init_array_end = .)
                0x0000000008004c24                . = ALIGN (0x4)

.fini_array     0x0000000008004c24        0x4
                0x0000000008004c24                . = ALIGN (0x4)
                [!provide]                        PROVIDE (__fini_array_start = .)
 *(SORT_BY_NAME(.fini_array.*))
 *(.fini_array*)
 .fini_array    0x0000000008004c24        0x4 /opt/st/stm32cubeide_1.5.1/plugins/com.st.stm32cube.ide.mcu.externaltools.gnu-tools-for-stm32.7-2018-q2-update.linux64_1.5.0.202011040924/tools/bin/../lib/gcc/arm-none-eabi/7.3.1/thumb/v7e-m/fpv4-sp/hard/crtbegin.o
                [!provide]                        PROVIDE (__fini_array_end = .)
                0x0000000008004c28                . = ALIGN (0x4)
                0x0000000008004c28                _sidata = LOADADDR (.data)

.data           0x0000000020000000        0xc load address 0x0000000008004c28
                0x0000000020000000                . = ALIGN (0x4)
                0x0000000020000000                _sdata = .
 *(.data)
 *(.data*)
 .data.SystemCoreClock
                0x0000000020000000        0x4 Core/Src/system_stm32f3xx.o
                0x0000000020000000                SystemCoreClock
 .data.uwTickPrio
                0x0000000020000004        0x4 Drivers/STM32F3xx_HAL_Driver/Src/stm32f3xx_hal.o
                0x0000000020000004                uwTickPrio
 .data.uwTickFreq
                0x0000000020000008        0x1 Drivers/STM32F3xx_HAL_Driver/Src/stm32f3xx_hal.o
                0x0000000020000008                uwTickFreq
 *(.RamFunc)
 *(.RamFunc*)
                0x000000002000000c                . = ALIGN (0x4)
 *fill*         0x0000000020000009        0x3 
                0x000000002000000c                _edata = .

.igot.plt       0x000000002000000c        0x0 load address 0x0000000008004c34
 .igot.plt      0x000000002000000c        0x0 /opt/st/stm32cubeide_1.5.1/plugins/com.st.stm32cube.ide.mcu.externaltools.gnu-tools-for-stm32.7-2018-q2-update.linux64_1.5.0.202011040924/tools/bin/../lib/gcc/arm-none-eabi/7.3.1/thumb/v7e-m/fpv4-sp/hard/crtbegin.o
                0x000000002000000c                . = ALIGN (0x4)

.bss            0x000000002000000c      0x1c4 load address 0x0000000008004c34
                0x000000002000000c                _sbss = .
                0x000000002000000c                __bss_start__ = _sbss
 *(.bss)
 .bss           0x000000002000000c       0x1c /opt/st/stm32cubeide_1.5.1/plugins/com.st.stm32cube.ide.mcu.externaltools.gnu-tools-for-stm32.7-2018-q2-update.linux64_1.5.0.202011040924/tools/bin/../lib/gcc/arm-none-eabi/7.3.1/thumb/v7e-m/fpv4-sp/hard/crtbegin.o
 *(.bss*)
 .bss.data      0x0000000020000028        0x1 Core/Src/main.o
                0x0000000020000028                data
 .bss.ctrl_msg  0x0000000020000029        0x1 Core/Src/main.o
                0x0000000020000029                ctrl_msg
 *(COMMON)
 *fill*         0x000000002000002a        0x2 
 COMMON         0x000000002000002c      0x1a0 Core/Src/main.o
                0x000000002000002c                huart3
                0x00000000200000b0                htim3
                0x00000000200000fc                htim2
                0x0000000020000148                huart2
 COMMON         0x00000000200001cc        0x4 Drivers/STM32F3xx_HAL_Driver/Src/stm32f3xx_hal.o
                0x00000000200001cc                uwTick
                0x00000000200001d0                . = ALIGN (0x4)
                0x00000000200001d0                _ebss = .
                0x00000000200001d0                __bss_end__ = _ebss

._user_heap_stack
                0x00000000200001d0      0x600 load address 0x0000000008004c34
                0x00000000200001d0                . = ALIGN (0x8)
                [!provide]                        PROVIDE (end = .)
                0x00000000200001d0                PROVIDE (_end = .)
                0x00000000200003d0                . = (. + _Min_Heap_Size)
 *fill*         0x00000000200001d0      0x200 
                0x00000000200007d0                . = (. + _Min_Stack_Size)
 *fill*         0x00000000200003d0      0x400 
                0x00000000200007d0                . = ALIGN (0x8)

/DISCARD/
 libc.a(*)
 libm.a(*)
 libgcc.a(*)

.ARM.attributes
                0x0000000000000000       0x30
 *(.ARM.attributes)
 .ARM.attributes
                0x0000000000000000       0x22 /opt/st/stm32cubeide_1.5.1/plugins/com.st.stm32cube.ide.mcu.externaltools.gnu-tools-for-stm32.7-2018-q2-update.linux64_1.5.0.202011040924/tools/bin/../lib/gcc/arm-none-eabi/7.3.1/thumb/v7e-m/fpv4-sp/hard/crti.o
 .ARM.attributes
                0x0000000000000022       0x34 /opt/st/stm32cubeide_1.5.1/plugins/com.st.stm32cube.ide.mcu.externaltools.gnu-tools-for-stm32.7-2018-q2-update.linux64_1.5.0.202011040924/tools/bin/../lib/gcc/arm-none-eabi/7.3.1/thumb/v7e-m/fpv4-sp/hard/crtbegin.o
 .ARM.attributes
                0x0000000000000056       0x39 Core/Src/main.o
 .ARM.attributes
                0x000000000000008f       0x39 Core/Src/stm32f3xx_hal_msp.o
 .ARM.attributes
                0x00000000000000c8       0x39 Core/Src/stm32f3xx_it.o
 .ARM.attributes
                0x0000000000000101       0x39 Core/Src/system_stm32f3xx.o
 .ARM.attributes
                0x000000000000013a       0x21 Core/Startup/startup_stm32f303retx.o
 .ARM.attributes
                0x000000000000015b       0x39 Drivers/STM32F3xx_HAL_Driver/Src/stm32f3xx_hal.o
 .ARM.attributes
                0x0000000000000194       0x39 Drivers/STM32F3xx_HAL_Driver/Src/stm32f3xx_hal_cortex.o
 .ARM.attributes
                0x00000000000001cd       0x39 Drivers/STM32F3xx_HAL_Driver/Src/stm32f3xx_hal_dma.o
 .ARM.attributes
                0x0000000000000206       0x39 Drivers/STM32F3xx_HAL_Driver/Src/stm32f3xx_hal_gpio.o
 .ARM.attributes
                0x000000000000023f       0x39 Drivers/STM32F3xx_HAL_Driver/Src/stm32f3xx_hal_rcc.o
 .ARM.attributes
                0x0000000000000278       0x39 Drivers/STM32F3xx_HAL_Driver/Src/stm32f3xx_hal_rcc_ex.o
 .ARM.attributes
                0x00000000000002b1       0x39 Drivers/STM32F3xx_HAL_Driver/Src/stm32f3xx_hal_tim.o
 .ARM.attributes
                0x00000000000002ea       0x39 Drivers/STM32F3xx_HAL_Driver/Src/stm32f3xx_hal_tim_ex.o
 .ARM.attributes
                0x0000000000000323       0x39 Drivers/STM32F3xx_HAL_Driver/Src/stm32f3xx_hal_uart.o
 .ARM.attributes
                0x000000000000035c       0x39 Drivers/STM32F3xx_HAL_Driver/Src/stm32f3xx_hal_uart_ex.o
 .ARM.attributes
                0x0000000000000395       0x34 /opt/st/stm32cubeide_1.5.1/plugins/com.st.stm32cube.ide.mcu.externaltools.gnu-tools-for-stm32.7-2018-q2-update.linux64_1.5.0.202011040924/tools/bin/../lib/gcc/arm-none-eabi/7.3.1/../../../../arm-none-eabi/lib/thumb/v7e-m/fpv4-sp/hard/libc_nano.a(lib_a-init.o)
 .ARM.attributes
                0x00000000000003c9       0x34 /opt/st/stm32cubeide_1.5.1/plugins/com.st.stm32cube.ide.mcu.externaltools.gnu-tools-for-stm32.7-2018-q2-update.linux64_1.5.0.202011040924/tools/bin/../lib/gcc/arm-none-eabi/7.3.1/../../../../arm-none-eabi/lib/thumb/v7e-m/fpv4-sp/hard/libc_nano.a(lib_a-memset.o)
 .ARM.attributes
                0x00000000000003fd       0x22 /opt/st/stm32cubeide_1.5.1/plugins/com.st.stm32cube.ide.mcu.externaltools.gnu-tools-for-stm32.7-2018-q2-update.linux64_1.5.0.202011040924/tools/bin/../lib/gcc/arm-none-eabi/7.3.1/thumb/v7e-m/fpv4-sp/hard/crtn.o
OUTPUT(ARMobile_control.elf elf32-littlearm)

.debug_info     0x0000000000000000     0xd022
 .debug_info    0x0000000000000000     0x1222 Core/Src/main.o
 .debug_info    0x0000000000001222      0xfa6 Core/Src/stm32f3xx_hal_msp.o
 .debug_info    0x00000000000021c8      0x74e Core/Src/stm32f3xx_it.o
 .debug_info    0x0000000000002916      0x45c Core/Src/system_stm32f3xx.o
 .debug_info    0x0000000000002d72       0x22 Core/Startup/startup_stm32f303retx.o
 .debug_info    0x0000000000002d94      0x812 Drivers/STM32F3xx_HAL_Driver/Src/stm32f3xx_hal.o
 .debug_info    0x00000000000035a6      0xdc9 Drivers/STM32F3xx_HAL_Driver/Src/stm32f3xx_hal_cortex.o
 .debug_info    0x000000000000436f      0x7cb Drivers/STM32F3xx_HAL_Driver/Src/stm32f3xx_hal_dma.o
 .debug_info    0x0000000000004b3a      0x7c1 Drivers/STM32F3xx_HAL_Driver/Src/stm32f3xx_hal_gpio.o
 .debug_info    0x00000000000052fb     0x181f Drivers/STM32F3xx_HAL_Driver/Src/stm32f3xx_hal_rcc.o
 .debug_info    0x0000000000006b1a      0x708 Drivers/STM32F3xx_HAL_Driver/Src/stm32f3xx_hal_rcc_ex.o
 .debug_info    0x0000000000007222     0x2901 Drivers/STM32F3xx_HAL_Driver/Src/stm32f3xx_hal_tim.o
 .debug_info    0x0000000000009b23     0x144c Drivers/STM32F3xx_HAL_Driver/Src/stm32f3xx_hal_tim_ex.o
 .debug_info    0x000000000000af6f     0x16a2 Drivers/STM32F3xx_HAL_Driver/Src/stm32f3xx_hal_uart.o
 .debug_info    0x000000000000c611      0xa11 Drivers/STM32F3xx_HAL_Driver/Src/stm32f3xx_hal_uart_ex.o

.debug_abbrev   0x0000000000000000     0x1c81
 .debug_abbrev  0x0000000000000000      0x291 Core/Src/main.o
 .debug_abbrev  0x0000000000000291      0x1e9 Core/Src/stm32f3xx_hal_msp.o
 .debug_abbrev  0x000000000000047a      0x149 Core/Src/stm32f3xx_it.o
 .debug_abbrev  0x00000000000005c3      0x12b Core/Src/system_stm32f3xx.o
 .debug_abbrev  0x00000000000006ee       0x12 Core/Startup/startup_stm32f303retx.o
 .debug_abbrev  0x0000000000000700      0x1c7 Drivers/STM32F3xx_HAL_Driver/Src/stm32f3xx_hal.o
 .debug_abbrev  0x00000000000008c7      0x2fa Drivers/STM32F3xx_HAL_Driver/Src/stm32f3xx_hal_cortex.o
 .debug_abbrev  0x0000000000000bc1      0x1fe Drivers/STM32F3xx_HAL_Driver/Src/stm32f3xx_hal_dma.o
 .debug_abbrev  0x0000000000000dbf      0x1c0 Drivers/STM32F3xx_HAL_Driver/Src/stm32f3xx_hal_gpio.o
 .debug_abbrev  0x0000000000000f7f      0x28c Drivers/STM32F3xx_HAL_Driver/Src/stm32f3xx_hal_rcc.o
 .debug_abbrev  0x000000000000120b      0x219 Drivers/STM32F3xx_HAL_Driver/Src/stm32f3xx_hal_rcc_ex.o
 .debug_abbrev  0x0000000000001424      0x230 Drivers/STM32F3xx_HAL_Driver/Src/stm32f3xx_hal_tim.o
 .debug_abbrev  0x0000000000001654      0x236 Drivers/STM32F3xx_HAL_Driver/Src/stm32f3xx_hal_tim_ex.o
 .debug_abbrev  0x000000000000188a      0x215 Drivers/STM32F3xx_HAL_Driver/Src/stm32f3xx_hal_uart.o
 .debug_abbrev  0x0000000000001a9f      0x1e2 Drivers/STM32F3xx_HAL_Driver/Src/stm32f3xx_hal_uart_ex.o

.debug_aranges  0x0000000000000000      0xd08
 .debug_aranges
                0x0000000000000000       0x88 Core/Src/main.o
 .debug_aranges
                0x0000000000000088       0x48 Core/Src/stm32f3xx_hal_msp.o
 .debug_aranges
                0x00000000000000d0       0x68 Core/Src/stm32f3xx_it.o
 .debug_aranges
                0x0000000000000138       0x28 Core/Src/system_stm32f3xx.o
 .debug_aranges
                0x0000000000000160       0x28 Core/Startup/startup_stm32f303retx.o
 .debug_aranges
                0x0000000000000188       0xe0 Drivers/STM32F3xx_HAL_Driver/Src/stm32f3xx_hal.o
 .debug_aranges
                0x0000000000000268      0x118 Drivers/STM32F3xx_HAL_Driver/Src/stm32f3xx_hal_cortex.o
 .debug_aranges
                0x0000000000000380       0x88 Drivers/STM32F3xx_HAL_Driver/Src/stm32f3xx_hal_dma.o
 .debug_aranges
                0x0000000000000408       0x58 Drivers/STM32F3xx_HAL_Driver/Src/stm32f3xx_hal_gpio.o
 .debug_aranges
                0x0000000000000460       0x88 Drivers/STM32F3xx_HAL_Driver/Src/stm32f3xx_hal_rcc.o
 .debug_aranges
                0x00000000000004e8       0x38 Drivers/STM32F3xx_HAL_Driver/Src/stm32f3xx_hal_rcc_ex.o
 .debug_aranges
                0x0000000000000520      0x3e0 Drivers/STM32F3xx_HAL_Driver/Src/stm32f3xx_hal_tim.o
 .debug_aranges
                0x0000000000000900      0x178 Drivers/STM32F3xx_HAL_Driver/Src/stm32f3xx_hal_tim_ex.o
 .debug_aranges
                0x0000000000000a78      0x228 Drivers/STM32F3xx_HAL_Driver/Src/stm32f3xx_hal_uart.o
 .debug_aranges
                0x0000000000000ca0       0x68 Drivers/STM32F3xx_HAL_Driver/Src/stm32f3xx_hal_uart_ex.o

.debug_ranges   0x0000000000000000      0xc50
 .debug_ranges  0x0000000000000000       0x78 Core/Src/main.o
 .debug_ranges  0x0000000000000078       0x38 Core/Src/stm32f3xx_hal_msp.o
 .debug_ranges  0x00000000000000b0       0x58 Core/Src/stm32f3xx_it.o
 .debug_ranges  0x0000000000000108       0x18 Core/Src/system_stm32f3xx.o
 .debug_ranges  0x0000000000000120       0x20 Core/Startup/startup_stm32f303retx.o
 .debug_ranges  0x0000000000000140       0xd0 Drivers/STM32F3xx_HAL_Driver/Src/stm32f3xx_hal.o
 .debug_ranges  0x0000000000000210      0x108 Drivers/STM32F3xx_HAL_Driver/Src/stm32f3xx_hal_cortex.o
 .debug_ranges  0x0000000000000318       0x78 Drivers/STM32F3xx_HAL_Driver/Src/stm32f3xx_hal_dma.o
 .debug_ranges  0x0000000000000390       0x48 Drivers/STM32F3xx_HAL_Driver/Src/stm32f3xx_hal_gpio.o
 .debug_ranges  0x00000000000003d8       0x78 Drivers/STM32F3xx_HAL_Driver/Src/stm32f3xx_hal_rcc.o
 .debug_ranges  0x0000000000000450       0x28 Drivers/STM32F3xx_HAL_Driver/Src/stm32f3xx_hal_rcc_ex.o
 .debug_ranges  0x0000000000000478      0x3d0 Drivers/STM32F3xx_HAL_Driver/Src/stm32f3xx_hal_tim.o
 .debug_ranges  0x0000000000000848      0x168 Drivers/STM32F3xx_HAL_Driver/Src/stm32f3xx_hal_tim_ex.o
 .debug_ranges  0x00000000000009b0      0x248 Drivers/STM32F3xx_HAL_Driver/Src/stm32f3xx_hal_uart.o
 .debug_ranges  0x0000000000000bf8       0x58 Drivers/STM32F3xx_HAL_Driver/Src/stm32f3xx_hal_uart_ex.o

.debug_macro    0x0000000000000000    0x1ffdd
 .debug_macro   0x0000000000000000      0x1e6 Core/Src/main.o
 .debug_macro   0x00000000000001e6      0xa5a Core/Src/main.o
 .debug_macro   0x0000000000000c40      0x157 Core/Src/main.o
 .debug_macro   0x0000000000000d97       0x2e Core/Src/main.o
 .debug_macro   0x0000000000000dc5       0x28 Core/Src/main.o
 .debug_macro   0x0000000000000ded       0x22 Core/Src/main.o
 .debug_macro   0x0000000000000e0f       0x8e Core/Src/main.o
 .debug_macro   0x0000000000000e9d       0x51 Core/Src/main.o
 .debug_macro   0x0000000000000eee       0xef Core/Src/main.o
 .debug_macro   0x0000000000000fdd       0x6a Core/Src/main.o
 .debug_macro   0x0000000000001047      0x1df Core/Src/main.o
 .debug_macro   0x0000000000001226       0x1c Core/Src/main.o
 .debug_macro   0x0000000000001242       0x22 Core/Src/main.o
 .debug_macro   0x0000000000001264       0xdf Core/Src/main.o
 .debug_macro   0x0000000000001343     0x102d Core/Src/main.o
 .debug_macro   0x0000000000002370      0x11f Core/Src/main.o
 .debug_macro   0x000000000000248f    0x15353 Core/Src/main.o
 .debug_macro   0x00000000000177e2       0x43 Core/Src/main.o
 .debug_macro   0x0000000000017825     0x35e9 Core/Src/main.o
 .debug_macro   0x000000000001ae0e      0x174 Core/Src/main.o
 .debug_macro   0x000000000001af82       0x55 Core/Src/main.o
 .debug_macro   0x000000000001afd7      0x954 Core/Src/main.o
 .debug_macro   0x000000000001b92b      0x84a Core/Src/main.o
 .debug_macro   0x000000000001c175      0x12f Core/Src/main.o
 .debug_macro   0x000000000001c2a4      0x23a Core/Src/main.o
 .debug_macro   0x000000000001c4de      0x1ea Core/Src/main.o
 .debug_macro   0x000000000001c6c8      0x1bc Core/Src/main.o
 .debug_macro   0x000000000001c884       0x30 Core/Src/main.o
 .debug_macro   0x000000000001c8b4       0x3c Core/Src/main.o
 .debug_macro   0x000000000001c8f0      0x236 Core/Src/main.o
 .debug_macro   0x000000000001cb26       0xc5 Core/Src/main.o
 .debug_macro   0x000000000001cbeb      0x21d Core/Src/main.o
 .debug_macro   0x000000000001ce08      0x22c Core/Src/main.o
 .debug_macro   0x000000000001d034       0x5b Core/Src/main.o
 .debug_macro   0x000000000001d08f       0xa5 Core/Src/main.o
 .debug_macro   0x000000000001d134       0x81 Core/Src/main.o
 .debug_macro   0x000000000001d1b5       0xd3 Core/Src/main.o
 .debug_macro   0x000000000001d288      0xa3d Core/Src/main.o
 .debug_macro   0x000000000001dcc5       0xbb Core/Src/main.o
 .debug_macro   0x000000000001dd80      0x5a5 Core/Src/main.o
 .debug_macro   0x000000000001e325       0x44 Core/Src/main.o
 .debug_macro   0x000000000001e369      0x347 Core/Src/main.o
 .debug_macro   0x000000000001e6b0       0x7c Core/Src/main.o
 .debug_macro   0x000000000001e72c      0x1e6 Core/Src/stm32f3xx_hal_msp.o
 .debug_macro   0x000000000001e912      0x1f0 Core/Src/stm32f3xx_it.o
 .debug_macro   0x000000000001eb02      0x1d7 Core/Src/system_stm32f3xx.o
 .debug_macro   0x000000000001ecd9      0x1fb Drivers/STM32F3xx_HAL_Driver/Src/stm32f3xx_hal.o
 .debug_macro   0x000000000001eed4      0x1d7 Drivers/STM32F3xx_HAL_Driver/Src/stm32f3xx_hal_cortex.o
 .debug_macro   0x000000000001f0ab      0x1d7 Drivers/STM32F3xx_HAL_Driver/Src/stm32f3xx_hal_dma.o
 .debug_macro   0x000000000001f282      0x20f Drivers/STM32F3xx_HAL_Driver/Src/stm32f3xx_hal_gpio.o
 .debug_macro   0x000000000001f491      0x1fb Drivers/STM32F3xx_HAL_Driver/Src/stm32f3xx_hal_rcc.o
 .debug_macro   0x000000000001f68c      0x1d7 Drivers/STM32F3xx_HAL_Driver/Src/stm32f3xx_hal_rcc_ex.o
 .debug_macro   0x000000000001f863      0x1d8 Drivers/STM32F3xx_HAL_Driver/Src/stm32f3xx_hal_tim.o
 .debug_macro   0x000000000001fa3b      0x1d7 Drivers/STM32F3xx_HAL_Driver/Src/stm32f3xx_hal_tim_ex.o
 .debug_macro   0x000000000001fc12      0x1f4 Drivers/STM32F3xx_HAL_Driver/Src/stm32f3xx_hal_uart.o
 .debug_macro   0x000000000001fe06      0x1d7 Drivers/STM32F3xx_HAL_Driver/Src/stm32f3xx_hal_uart_ex.o

.debug_line     0x0000000000000000     0xb38b
 .debug_line    0x0000000000000000      0x87b Core/Src/main.o
 .debug_line    0x000000000000087b      0x76b Core/Src/stm32f3xx_hal_msp.o
 .debug_line    0x0000000000000fe6      0x782 Core/Src/stm32f3xx_it.o
 .debug_line    0x0000000000001768      0x6e7 Core/Src/system_stm32f3xx.o
 .debug_line    0x0000000000001e4f       0x88 Core/Startup/startup_stm32f303retx.o
 .debug_line    0x0000000000001ed7      0x8a3 Drivers/STM32F3xx_HAL_Driver/Src/stm32f3xx_hal.o
 .debug_line    0x000000000000277a      0x9d8 Drivers/STM32F3xx_HAL_Driver/Src/stm32f3xx_hal_cortex.o
 .debug_line    0x0000000000003152      0x8e2 Drivers/STM32F3xx_HAL_Driver/Src/stm32f3xx_hal_dma.o
 .debug_line    0x0000000000003a34      0x87e Drivers/STM32F3xx_HAL_Driver/Src/stm32f3xx_hal_gpio.o
 .debug_line    0x00000000000042b2      0xe1e Drivers/STM32F3xx_HAL_Driver/Src/stm32f3xx_hal_rcc.o
 .debug_line    0x00000000000050d0      0xa46 Drivers/STM32F3xx_HAL_Driver/Src/stm32f3xx_hal_rcc_ex.o
 .debug_line    0x0000000000005b16     0x2806 Drivers/STM32F3xx_HAL_Driver/Src/stm32f3xx_hal_tim.o
 .debug_line    0x000000000000831c     0x14fc Drivers/STM32F3xx_HAL_Driver/Src/stm32f3xx_hal_tim_ex.o
 .debug_line    0x0000000000009818     0x127e Drivers/STM32F3xx_HAL_Driver/Src/stm32f3xx_hal_uart.o
 .debug_line    0x000000000000aa96      0x8f5 Drivers/STM32F3xx_HAL_Driver/Src/stm32f3xx_hal_uart_ex.o

.debug_str      0x0000000000000000    0xc638e
 .debug_str     0x0000000000000000    0xc3155 Core/Src/main.o
                                      0xc38d8 (size before relaxing)
 .debug_str     0x00000000000c3155      0x406 Core/Src/stm32f3xx_hal_msp.o
                                      0xc3893 (size before relaxing)
 .debug_str     0x00000000000c355b       0xcf Core/Src/stm32f3xx_it.o
                                      0xc3046 (size before relaxing)
 .debug_str     0x00000000000c362a       0xbd Core/Src/system_stm32f3xx.o
                                      0xc2a2b (size before relaxing)
 .debug_str     0x00000000000c36e7       0x36 Core/Startup/startup_stm32f303retx.o
                                         0x58 (size before relaxing)
 .debug_str     0x00000000000c371d      0x317 Drivers/STM32F3xx_HAL_Driver/Src/stm32f3xx_hal.o
                                      0xc3232 (size before relaxing)
 .debug_str     0x00000000000c3a34      0x3b1 Drivers/STM32F3xx_HAL_Driver/Src/stm32f3xx_hal_cortex.o
                                      0xc3340 (size before relaxing)
 .debug_str     0x00000000000c3de5      0x248 Drivers/STM32F3xx_HAL_Driver/Src/stm32f3xx_hal_dma.o
                                      0xc2da5 (size before relaxing)
 .debug_str     0x00000000000c402d      0x27e Drivers/STM32F3xx_HAL_Driver/Src/stm32f3xx_hal_gpio.o
                                      0xc2d09 (size before relaxing)
 .debug_str     0x00000000000c42ab      0x303 Drivers/STM32F3xx_HAL_Driver/Src/stm32f3xx_hal_rcc.o
                                      0xc2e9d (size before relaxing)
 .debug_str     0x00000000000c45ae       0xd8 Drivers/STM32F3xx_HAL_Driver/Src/stm32f3xx_hal_rcc_ex.o
                                      0xc2ce7 (size before relaxing)
 .debug_str     0x00000000000c4686      0xda2 Drivers/STM32F3xx_HAL_Driver/Src/stm32f3xx_hal_tim.o
                                      0xc3de7 (size before relaxing)
 .debug_str     0x00000000000c5428      0x579 Drivers/STM32F3xx_HAL_Driver/Src/stm32f3xx_hal_tim_ex.o
                                      0xc3614 (size before relaxing)
 .debug_str     0x00000000000c59a1      0x84f Drivers/STM32F3xx_HAL_Driver/Src/stm32f3xx_hal_uart.o
                                      0xc3686 (size before relaxing)
 .debug_str     0x00000000000c61f0      0x19e Drivers/STM32F3xx_HAL_Driver/Src/stm32f3xx_hal_uart_ex.o
                                      0xc2f6f (size before relaxing)

.comment        0x0000000000000000       0x7b
 .comment       0x0000000000000000       0x7b Core/Src/main.o
                                         0x7c (size before relaxing)
 .comment       0x000000000000007b       0x7c Core/Src/stm32f3xx_hal_msp.o
 .comment       0x000000000000007b       0x7c Core/Src/stm32f3xx_it.o
 .comment       0x000000000000007b       0x7c Core/Src/system_stm32f3xx.o
 .comment       0x000000000000007b       0x7c Drivers/STM32F3xx_HAL_Driver/Src/stm32f3xx_hal.o
 .comment       0x000000000000007b       0x7c Drivers/STM32F3xx_HAL_Driver/Src/stm32f3xx_hal_cortex.o
 .comment       0x000000000000007b       0x7c Drivers/STM32F3xx_HAL_Driver/Src/stm32f3xx_hal_dma.o
 .comment       0x000000000000007b       0x7c Drivers/STM32F3xx_HAL_Driver/Src/stm32f3xx_hal_gpio.o
 .comment       0x000000000000007b       0x7c Drivers/STM32F3xx_HAL_Driver/Src/stm32f3xx_hal_rcc.o
 .comment       0x000000000000007b       0x7c Drivers/STM32F3xx_HAL_Driver/Src/stm32f3xx_hal_rcc_ex.o
 .comment       0x000000000000007b       0x7c Drivers/STM32F3xx_HAL_Driver/Src/stm32f3xx_hal_tim.o
 .comment       0x000000000000007b       0x7c Drivers/STM32F3xx_HAL_Driver/Src/stm32f3xx_hal_tim_ex.o
 .comment       0x000000000000007b       0x7c Drivers/STM32F3xx_HAL_Driver/Src/stm32f3xx_hal_uart.o
 .comment       0x000000000000007b       0x7c Drivers/STM32F3xx_HAL_Driver/Src/stm32f3xx_hal_uart_ex.o

.debug_frame    0x0000000000000000     0x36b8
 .debug_frame   0x0000000000000000      0x1e8 Core/Src/main.o
 .debug_frame   0x00000000000001e8       0xf4 Core/Src/stm32f3xx_hal_msp.o
 .debug_frame   0x00000000000002dc      0x120 Core/Src/stm32f3xx_it.o
 .debug_frame   0x00000000000003fc       0x58 Core/Src/system_stm32f3xx.o
 .debug_frame   0x0000000000000454      0x334 Drivers/STM32F3xx_HAL_Driver/Src/stm32f3xx_hal.o
 .debug_frame   0x0000000000000788      0x498 Drivers/STM32F3xx_HAL_Driver/Src/stm32f3xx_hal_cortex.o
 .debug_frame   0x0000000000000c20      0x224 Drivers/STM32F3xx_HAL_Driver/Src/stm32f3xx_hal_dma.o
 .debug_frame   0x0000000000000e44      0x14c Drivers/STM32F3xx_HAL_Driver/Src/stm32f3xx_hal_gpio.o
 .debug_frame   0x0000000000000f90      0x214 Drivers/STM32F3xx_HAL_Driver/Src/stm32f3xx_hal_rcc.o
 .debug_frame   0x00000000000011a4       0xb4 Drivers/STM32F3xx_HAL_Driver/Src/stm32f3xx_hal_rcc_ex.o
 .debug_frame   0x0000000000001258     0x121c Drivers/STM32F3xx_HAL_Driver/Src/stm32f3xx_hal_tim.o
 .debug_frame   0x0000000000002474      0x688 Drivers/STM32F3xx_HAL_Driver/Src/stm32f3xx_hal_tim_ex.o
 .debug_frame   0x0000000000002afc      0x9e0 Drivers/STM32F3xx_HAL_Driver/Src/stm32f3xx_hal_uart.o
 .debug_frame   0x00000000000034dc      0x190 Drivers/STM32F3xx_HAL_Driver/Src/stm32f3xx_hal_uart_ex.o
 .debug_frame   0x000000000000366c       0x2c /opt/st/stm32cubeide_1.5.1/plugins/com.st.stm32cube.ide.mcu.externaltools.gnu-tools-for-stm32.7-2018-q2-update.linux64_1.5.0.202011040924/tools/bin/../lib/gcc/arm-none-eabi/7.3.1/../../../../arm-none-eabi/lib/thumb/v7e-m/fpv4-sp/hard/libc_nano.a(lib_a-init.o)
 .debug_frame   0x0000000000003698       0x20 /opt/st/stm32cubeide_1.5.1/plugins/com.st.stm32cube.ide.mcu.externaltools.gnu-tools-for-stm32.7-2018-q2-update.linux64_1.5.0.202011040924/tools/bin/../lib/gcc/arm-none-eabi/7.3.1/../../../../arm-none-eabi/lib/thumb/v7e-m/fpv4-sp/hard/libc_nano.a(lib_a-memset.o)
