main.c:90:5:main	8	static
main.c:151:6:SystemClock_Config	160	static
main.c:198:13:MX_TIM2_Init	64	static
main.c:257:13:MX_TIM3_Init	64	static
main.c:316:13:MX_USART2_UART_Init	8	static
main.c:351:13:MX_USART3_UART_Init	8	static
main.c:386:13:MX_GPIO_Init	40	static
main.c:429:6:HAL_UART_RxCpltCallback	16	static
main.c:479:6:Stop	8	static
main.c:491:6:Set_Speed_Right	16	static
main.c:496:6:Set_Speed_Left	16	static
main.c:501:13:Set_Dir_Right	16	static
main.c:517:13:Set_Dir_Left	16	static
main.c:539:6:Error_Handler	4	static,ignoring_inline_asm
